[WARN] The "pnpm" field in package.json is no longer read by pnpm. The following keys were ignored: "pnpm.onlyBuiltDependencies". See https://pnpm.io/settings for the new home of each setting.
$ vite build
vite v7.3.6 building ssr environment for production...
transforming...
13:06:03 [vite-plugin-svelte] src/routes/blog/+page.svelte:13:40 This reference only captures the initial value of `data`. Did you mean to reference it inside a closure instead?
https://svelte.dev/e/state_referenced_locally
11: 
12:     let days = getDaysSince('10/16/2021');
13:     let daysBetween = Math.floor(days / data.blogposts.length);
                                                ^
14:     let listview : boolean = $state(false);
15:     let searchString : string = $state();
13:06:04 [vite-plugin-svelte] src/routes/+layout.svelte:18:30 This reference only captures the initial value of `data`. Did you mean to reference it inside a closure instead?
https://svelte.dev/e/state_referenced_locally
16:     let { data, children }: Props = $props();
17: 
18:     const theme = createTheme(data.theme);
                                      ^
19:     onMount(() => persistTheme(theme, data.hasThemeCookie));
20: </script>
13:06:04 [vite-plugin-svelte] src/lib/components/blog/blogContainer.svelte:31:19 This reference only captures the initial value of `posts`. Did you mean to reference it inside a closure instead?
https://svelte.dev/e/state_referenced_locally
29:     let visiblePosts : Blogpost[] = $state();
30: 
31:     visiblePosts = posts.sort(sorting);
                            ^
32:     visiblePosts = visiblePosts.filter((post : Blogpost) => filterPost(post,searchString));
33:     visiblePosts = visiblePosts.slice(0,limit)
13:06:04 [vite-plugin-svelte] src/lib/components/blog/blogContainer.svelte:31:30 This reference only captures the initial value of `sorting`. Did you mean to reference it inside a closure instead?
https://svelte.dev/e/state_referenced_locally
29:     let visiblePosts : Blogpost[] = $state();
30: 
31:     visiblePosts = posts.sort(sorting);
                                         ^
32:     visiblePosts = visiblePosts.filter((post : Blogpost) => filterPost(post,searchString));
33:     visiblePosts = visiblePosts.slice(0,limit)
13:06:04 [vite-plugin-svelte] src/lib/components/blog/blogContainer.svelte:32:19 This reference only captures the initial value of `visiblePosts`. Did you mean to reference it inside a closure instead?
https://svelte.dev/e/state_referenced_locally
30: 
31:     visiblePosts = posts.sort(sorting);
32:     visiblePosts = visiblePosts.filter((post : Blogpost) => filterPost(post,searchString));
                                   ^
33:     visiblePosts = visiblePosts.slice(0,limit)
34: 
13:06:04 [vite-plugin-svelte] src/lib/components/blog/blogContainer.svelte:33:19 This reference only captures the initial value of `visiblePosts`. Did you mean to reference it inside a closure instead?
https://svelte.dev/e/state_referenced_locally
31:     visiblePosts = posts.sort(sorting);
32:     visiblePosts = visiblePosts.filter((post : Blogpost) => filterPost(post,searchString));
33:     visiblePosts = visiblePosts.slice(0,limit)
                                   ^
34: 
35:     run(() => {
13:06:04 [vite-plugin-svelte] src/lib/components/blog/blogContainer.svelte:33:40 This reference only captures the initial value of `limit`. Did you mean to reference it inside a closure instead?
https://svelte.dev/e/state_referenced_locally
31:     visiblePosts = posts.sort(sorting);
32:     visiblePosts = visiblePosts.filter((post : Blogpost) => filterPost(post,searchString));
33:     visiblePosts = visiblePosts.slice(0,limit)
                                                 ^
34: 
35:     run(() => {
13:06:04 [vite-plugin-svelte] src/lib/components/metaTagsBlogpost.svelte:10:32 This reference only captures the initial value of `post`. Did you mean to reference it inside a closure instead?
https://svelte.dev/e/state_referenced_locally
 8: 
 9:     let { post }: Props = $props();
10:     let title = Text.desluggify(post.title) + ' - Jef Meijvis';
                                        ^
11: </script>
12: 
13:06:04 [vite-plugin-svelte] src/lib/components/markdown-renderers/table.svelte:7:45 Empty block
https://svelte.dev/e/block_empty
 5: 
 6: <table>
 7:     {#if children}{@render children()}{:else}
        ^
 8:     {/if}
 9: </table>
13:06:04 [vite-plugin-svelte] src/lib/components/markdown-renderers/link.svelte:13:7 This reference only captures the initial value of `href`. Did you mean to reference it inside a closure instead?
https://svelte.dev/e/state_referenced_locally
11: 
12: 
13:     if(href.includes('www.jefmeijvis.com') || href.includes('localhost:'))
               ^
14:       target = '_self';
15: 
13:06:04 [vite-plugin-svelte] src/lib/components/markdown-renderers/link.svelte:13:46 This reference only captures the initial value of `href`. Did you mean to reference it inside a closure instead?
https://svelte.dev/e/state_referenced_locally
11: 
12: 
13:     if(href.includes('www.jefmeijvis.com') || href.includes('localhost:'))
                                                      ^
14:       target = '_self';
15: 
13:06:04 [vite-plugin-svelte] src/lib/components/markdown-renderers/link.svelte:16:7 This reference only captures the initial value of `href`. Did you mean to reference it inside a closure instead?
https://svelte.dev/e/state_referenced_locally
14:       target = '_self';
15: 
16:     if(href.startsWith('/') || href.includes('#'))
               ^
17:       target = '_self';
18: 
13:06:04 [vite-plugin-svelte] src/lib/components/markdown-renderers/link.svelte:16:31 This reference only captures the initial value of `href`. Did you mean to reference it inside a closure instead?
https://svelte.dev/e/state_referenced_locally
14:       target = '_self';
15: 
16:     if(href.startsWith('/') || href.includes('#'))
                                       ^
17:       target = '_self';
18: 
✓ 277 modules transformed.
rendering chunks...
vite v7.3.6 building client environment for production...
transforming...
13:06:08 [vite-plugin-svelte] src/routes/blog/+page.svelte:13:40 This reference only captures the initial value of `data`. Did you mean to reference it inside a closure instead?
https://svelte.dev/e/state_referenced_locally
11: 
12:     let days = getDaysSince('10/16/2021');
13:     let daysBetween = Math.floor(days / data.blogposts.length);
                                                ^
14:     let listview : boolean = $state(false);
15:     let searchString : string = $state();
13:06:09 [vite-plugin-svelte] src/routes/+layout.svelte:18:30 This reference only captures the initial value of `data`. Did you mean to reference it inside a closure instead?
https://svelte.dev/e/state_referenced_locally
16:     let { data, children }: Props = $props();
17: 
18:     const theme = createTheme(data.theme);
                                      ^
19:     onMount(() => persistTheme(theme, data.hasThemeCookie));
20: </script>
13:06:09 [vite-plugin-svelte] src/lib/components/blog/blogContainer.svelte:31:19 This reference only captures the initial value of `posts`. Did you mean to reference it inside a closure instead?
https://svelte.dev/e/state_referenced_locally
29:     let visiblePosts : Blogpost[] = $state();
30: 
31:     visiblePosts = posts.sort(sorting);
                            ^
32:     visiblePosts = visiblePosts.filter((post : Blogpost) => filterPost(post,searchString));
33:     visiblePosts = visiblePosts.slice(0,limit)
13:06:09 [vite-plugin-svelte] src/lib/components/blog/blogContainer.svelte:31:30 This reference only captures the initial value of `sorting`. Did you mean to reference it inside a closure instead?
https://svelte.dev/e/state_referenced_locally
29:     let visiblePosts : Blogpost[] = $state();
30: 
31:     visiblePosts = posts.sort(sorting);
                                         ^
32:     visiblePosts = visiblePosts.filter((post : Blogpost) => filterPost(post,searchString));
33:     visiblePosts = visiblePosts.slice(0,limit)
13:06:09 [vite-plugin-svelte] src/lib/components/blog/blogContainer.svelte:32:19 This reference only captures the initial value of `visiblePosts`. Did you mean to reference it inside a closure instead?
https://svelte.dev/e/state_referenced_locally
30: 
31:     visiblePosts = posts.sort(sorting);
32:     visiblePosts = visiblePosts.filter((post : Blogpost) => filterPost(post,searchString));
                                   ^
33:     visiblePosts = visiblePosts.slice(0,limit)
34: 
13:06:09 [vite-plugin-svelte] src/lib/components/blog/blogContainer.svelte:33:19 This reference only captures the initial value of `visiblePosts`. Did you mean to reference it inside a closure instead?
https://svelte.dev/e/state_referenced_locally
31:     visiblePosts = posts.sort(sorting);
32:     visiblePosts = visiblePosts.filter((post : Blogpost) => filterPost(post,searchString));
33:     visiblePosts = visiblePosts.slice(0,limit)
                                   ^
34: 
35:     run(() => {
13:06:09 [vite-plugin-svelte] src/lib/components/blog/blogContainer.svelte:33:40 This reference only captures the initial value of `limit`. Did you mean to reference it inside a closure instead?
https://svelte.dev/e/state_referenced_locally
31:     visiblePosts = posts.sort(sorting);
32:     visiblePosts = visiblePosts.filter((post : Blogpost) => filterPost(post,searchString));
33:     visiblePosts = visiblePosts.slice(0,limit)
                                                 ^
34: 
35:     run(() => {
13:06:10 [vite-plugin-svelte] src/lib/components/metaTagsBlogpost.svelte:10:32 This reference only captures the initial value of `post`. Did you mean to reference it inside a closure instead?
https://svelte.dev/e/state_referenced_locally
 8: 
 9:     let { post }: Props = $props();
10:     let title = Text.desluggify(post.title) + ' - Jef Meijvis';
                                        ^
11: </script>
12: 
13:06:10 [vite-plugin-svelte] src/lib/components/markdown-renderers/link.svelte:13:7 This reference only captures the initial value of `href`. Did you mean to reference it inside a closure instead?
https://svelte.dev/e/state_referenced_locally
11: 
12: 
13:     if(href.includes('www.jefmeijvis.com') || href.includes('localhost:'))
               ^
14:       target = '_self';
15: 
13:06:10 [vite-plugin-svelte] src/lib/components/markdown-renderers/link.svelte:13:46 This reference only captures the initial value of `href`. Did you mean to reference it inside a closure instead?
https://svelte.dev/e/state_referenced_locally
11: 
12: 
13:     if(href.includes('www.jefmeijvis.com') || href.includes('localhost:'))
                                                      ^
14:       target = '_self';
15: 
13:06:10 [vite-plugin-svelte] src/lib/components/markdown-renderers/link.svelte:16:7 This reference only captures the initial value of `href`. Did you mean to reference it inside a closure instead?
https://svelte.dev/e/state_referenced_locally
14:       target = '_self';
15: 
16:     if(href.startsWith('/') || href.includes('#'))
               ^
17:       target = '_self';
18: 
13:06:10 [vite-plugin-svelte] src/lib/components/markdown-renderers/link.svelte:16:31 This reference only captures the initial value of `href`. Did you mean to reference it inside a closure instead?
https://svelte.dev/e/state_referenced_locally
14:       target = '_self';
15: 
16:     if(href.startsWith('/') || href.includes('#'))
                                       ^
17:       target = '_self';
18: 
13:06:10 [vite-plugin-svelte] src/lib/components/markdown-renderers/table.svelte:7:45 Empty block
https://svelte.dev/e/block_empty
 5: 
 6: <table>
 7:     {#if children}{@render children()}{:else}
        ^
 8:     {/if}
 9: </table>
✓ 671 modules transformed.
rendering chunks...
computing gzip size...
.svelte-kit/output/client/_app/version.json                                   0.03 kB │ gzip:   0.05 kB
.svelte-kit/output/client/.vite/manifest.json                               149.29 kB │ gzip:  10.74 kB
.svelte-kit/output/client/_app/immutable/assets/notfound.BavoOROh.css         0.09 kB │ gzip:   0.08 kB
.svelte-kit/output/client/_app/immutable/assets/redirect.D7HBKYyO.css         0.09 kB │ gzip:   0.08 kB
.svelte-kit/output/client/_app/immutable/assets/4.Cf3t6hpR.css                0.55 kB │ gzip:   0.30 kB
.svelte-kit/output/client/_app/immutable/assets/2.Bt_GxZLh.css                0.70 kB │ gzip:   0.31 kB
.svelte-kit/output/client/_app/immutable/assets/blogContainer.CRF0IAHj.css    3.08 kB │ gzip:   0.88 kB
.svelte-kit/output/client/_app/immutable/assets/0.C-giVPzq.css                3.43 kB │ gzip:   1.01 kB
.svelte-kit/output/client/_app/immutable/assets/6.C5BbyQJ_.css                3.54 kB │ gzip:   1.10 kB
.svelte-kit/output/client/_app/immutable/chunks/I9D8uKYF.js                   0.04 kB │ gzip:   0.06 kB
.svelte-kit/output/client/_app/immutable/entry/start.CgA8Li4P.js              0.08 kB │ gzip:   0.09 kB
.svelte-kit/output/client/_app/immutable/nodes/1.CsaKg6U3.js                  0.15 kB │ gzip:   0.13 kB
.svelte-kit/output/client/_app/immutable/nodes/12.BJq2JPic.js                 0.20 kB │ gzip:   0.17 kB
.svelte-kit/output/client/_app/immutable/nodes/7.BkChva50.js                  0.20 kB │ gzip:   0.17 kB
.svelte-kit/output/client/_app/immutable/chunks/Cgt5pTih.js                   0.21 kB │ gzip:   0.15 kB
.svelte-kit/output/client/_app/immutable/nodes/8.BJ2CRyTX.js                  0.21 kB │ gzip:   0.18 kB
.svelte-kit/output/client/_app/immutable/nodes/11.CgiQrjB-.js                 0.22 kB │ gzip:   0.18 kB
.svelte-kit/output/client/_app/immutable/nodes/9.Dqqy344H.js                  0.22 kB │ gzip:   0.18 kB
.svelte-kit/output/client/_app/immutable/nodes/10.Cg_OdUZK.js                 0.22 kB │ gzip:   0.19 kB
.svelte-kit/output/client/_app/immutable/nodes/3.BDFE2c-r.js                  0.31 kB │ gzip:   0.22 kB
.svelte-kit/output/client/_app/immutable/chunks/C4sGblL3.js                   0.34 kB │ gzip:   0.24 kB
.svelte-kit/output/client/_app/immutable/chunks/CkXO60Ih.js                   0.47 kB │ gzip:   0.32 kB
.svelte-kit/output/client/_app/immutable/chunks/Bp6g37R7.js                   0.55 kB │ gzip:   0.32 kB
.svelte-kit/output/client/_app/immutable/chunks/Cq5zzVJU.js                   0.70 kB │ gzip:   0.42 kB
.svelte-kit/output/client/_app/immutable/chunks/B_m7g4N7.js                   0.74 kB │ gzip:   0.34 kB
.svelte-kit/output/client/_app/immutable/chunks/m7MP3WIv.js                   0.75 kB │ gzip:   0.48 kB
.svelte-kit/output/client/_app/immutable/chunks/BhvAOa_k.js                   0.80 kB │ gzip:   0.49 kB
.svelte-kit/output/client/_app/immutable/chunks/CLusptO0.js                   0.82 kB │ gzip:   0.50 kB
.svelte-kit/output/client/_app/immutable/chunks/DBpX0yWo.js                   0.84 kB │ gzip:   0.46 kB
.svelte-kit/output/client/_app/immutable/chunks/CSXwinHm.js                   0.97 kB │ gzip:   0.43 kB
.svelte-kit/output/client/_app/immutable/chunks/C8lEn-DE.js                   1.00 kB │ gzip:   0.45 kB
.svelte-kit/output/client/_app/immutable/chunks/fuZLfV_i.js                   1.14 kB │ gzip:   0.37 kB
.svelte-kit/output/client/_app/immutable/nodes/5.BRK5awqG.js                  1.18 kB │ gzip:   0.70 kB
.svelte-kit/output/client/_app/immutable/chunks/ClrCLBRq.js                   1.20 kB │ gzip:   0.66 kB
.svelte-kit/output/client/_app/immutable/chunks/CxGSJlkm.js                   1.23 kB │ gzip:   0.52 kB
.svelte-kit/output/client/_app/immutable/chunks/g0iM8yoS.js                   1.23 kB │ gzip:   0.70 kB
.svelte-kit/output/client/_app/immutable/chunks/Cj2R7izr.js                   1.29 kB │ gzip:   0.68 kB
.svelte-kit/output/client/_app/immutable/chunks/BaaWV1KV.js                   1.35 kB │ gzip:   0.50 kB
.svelte-kit/output/client/_app/immutable/chunks/wbPk3Yxo.js                   1.37 kB │ gzip:   0.66 kB
.svelte-kit/output/client/_app/immutable/nodes/2.CEBMSo3C.js                  1.38 kB │ gzip:   0.72 kB
.svelte-kit/output/client/_app/immutable/chunks/Da5cRb03.js                   1.42 kB │ gzip:   0.53 kB
.svelte-kit/output/client/_app/immutable/chunks/BRZ36xJF.js                   1.47 kB │ gzip:   0.81 kB
.svelte-kit/output/client/_app/immutable/chunks/BEwlwnbL.js                   1.53 kB │ gzip:   0.50 kB
.svelte-kit/output/client/_app/immutable/chunks/COr9HrHS.js                   1.59 kB │ gzip:   0.91 kB
.svelte-kit/output/client/_app/immutable/chunks/B7c-h3xW.js                   1.65 kB │ gzip:   0.69 kB
.svelte-kit/output/client/_app/immutable/nodes/4.D9c19eeE.js                  1.69 kB │ gzip:   0.66 kB
.svelte-kit/output/client/_app/immutable/chunks/DWrx1Km3.js                   1.74 kB │ gzip:   0.88 kB
.svelte-kit/output/client/_app/immutable/chunks/BcOcwvcX.js                   1.74 kB │ gzip:   0.60 kB
.svelte-kit/output/client/_app/immutable/chunks/CV9DFX82.js                   1.82 kB │ gzip:   0.84 kB
.svelte-kit/output/client/_app/immutable/chunks/BmXAJ9_W.js                   1.83 kB │ gzip:   0.76 kB
.svelte-kit/output/client/_app/immutable/chunks/CTIpn196.js                   2.12 kB │ gzip:   0.62 kB
.svelte-kit/output/client/_app/immutable/chunks/BV7otONQ.js                   2.16 kB │ gzip:   1.09 kB
.svelte-kit/output/client/_app/immutable/chunks/C2t-YnRu.js                   2.24 kB │ gzip:   0.62 kB
.svelte-kit/output/client/_app/immutable/chunks/CvQeaAIM.js                   2.27 kB │ gzip:   0.66 kB
.svelte-kit/output/client/_app/immutable/chunks/C-SQnVFl.js                   2.35 kB │ gzip:   0.70 kB
.svelte-kit/output/client/_app/immutable/chunks/D97Zzqfu.js                   2.57 kB │ gzip:   0.70 kB
.svelte-kit/output/client/_app/immutable/chunks/BspZqrRM.js                   2.58 kB │ gzip:   0.82 kB
.svelte-kit/output/client/_app/immutable/chunks/DFXneXwc.js                   2.65 kB │ gzip:   1.18 kB
.svelte-kit/output/client/_app/immutable/chunks/Cp-IABpG.js                   2.82 kB │ gzip:   0.78 kB
.svelte-kit/output/client/_app/immutable/chunks/C4EeE6gA.js                   2.82 kB │ gzip:   1.01 kB
.svelte-kit/output/client/_app/immutable/chunks/2UxHyX5q.js                   2.85 kB │ gzip:   0.90 kB
.svelte-kit/output/client/_app/immutable/chunks/CO1LY3CK.js                   2.93 kB │ gzip:   0.80 kB
.svelte-kit/output/client/_app/immutable/chunks/uYugtg8r.js                   3.01 kB │ gzip:   0.81 kB
.svelte-kit/output/client/_app/immutable/chunks/DcaNXYhu.js                   3.01 kB │ gzip:   0.79 kB
.svelte-kit/output/client/_app/immutable/chunks/Des-eS-w.js                   3.11 kB │ gzip:   0.80 kB
.svelte-kit/output/client/_app/immutable/chunks/BtOb2qkB.js                   3.13 kB │ gzip:   1.47 kB
.svelte-kit/output/client/_app/immutable/chunks/BTJTHyun.js                   3.24 kB │ gzip:   0.91 kB
.svelte-kit/output/client/_app/immutable/chunks/C9tS-k6U.js                   3.25 kB │ gzip:   0.83 kB
.svelte-kit/output/client/_app/immutable/chunks/CKIfxQSi.js                   3.26 kB │ gzip:   1.18 kB
.svelte-kit/output/client/_app/immutable/chunks/QIJgUcNo.js                   3.29 kB │ gzip:   0.85 kB
.svelte-kit/output/client/_app/immutable/chunks/D0YGMca9.js                   3.36 kB │ gzip:   1.21 kB
.svelte-kit/output/client/_app/immutable/chunks/C3B-1QV4.js                   3.37 kB │ gzip:   1.11 kB
.svelte-kit/output/client/_app/immutable/chunks/CsfeWuGM.js                   3.37 kB │ gzip:   1.19 kB
.svelte-kit/output/client/_app/immutable/chunks/BtCnVYZw.js                   3.44 kB │ gzip:   1.52 kB
.svelte-kit/output/client/_app/immutable/chunks/CVF7vp9Z.js                   3.49 kB │ gzip:   1.09 kB
.svelte-kit/output/client/_app/immutable/chunks/DnfIiLLi.js                   3.52 kB │ gzip:   1.77 kB
.svelte-kit/output/client/_app/immutable/chunks/C4IJs8-o.js                   3.61 kB │ gzip:   0.90 kB
.svelte-kit/output/client/_app/immutable/chunks/_ykCGR6B.js                   3.62 kB │ gzip:   1.60 kB
.svelte-kit/output/client/_app/immutable/chunks/DFQXde-d.js                   3.62 kB │ gzip:   1.05 kB
.svelte-kit/output/client/_app/immutable/chunks/DV7GczEv.js                   3.63 kB │ gzip:   1.04 kB
.svelte-kit/output/client/_app/immutable/chunks/DZxFcAj9.js                   3.63 kB │ gzip:   1.41 kB
.svelte-kit/output/client/_app/immutable/chunks/DRg8JJMk.js                   3.67 kB │ gzip:   1.11 kB
.svelte-kit/output/client/_app/immutable/chunks/BsS91CYL.js                   3.70 kB │ gzip:   0.98 kB
.svelte-kit/output/client/_app/immutable/chunks/DVFEvuxE.js                   3.91 kB │ gzip:   1.28 kB
.svelte-kit/output/client/_app/immutable/chunks/D8l8udqQ.js                   3.91 kB │ gzip:   0.98 kB
.svelte-kit/output/client/_app/immutable/chunks/n2N0HUVH.js                   4.00 kB │ gzip:   1.49 kB
.svelte-kit/output/client/_app/immutable/chunks/D93ZcfNL.js                   4.15 kB │ gzip:   1.67 kB
.svelte-kit/output/client/_app/immutable/chunks/DaZJ10kq.js                   4.38 kB │ gzip:   1.04 kB
.svelte-kit/output/client/_app/immutable/chunks/dwOrl1Do.js                   4.43 kB │ gzip:   1.52 kB
.svelte-kit/output/client/_app/immutable/chunks/DRJZaHtK.js                   4.49 kB │ gzip:   1.16 kB
.svelte-kit/output/client/_app/immutable/chunks/BJDFO7_C.js                   4.52 kB │ gzip:   1.06 kB
.svelte-kit/output/client/_app/immutable/chunks/C0HS_06l.js                   4.67 kB │ gzip:   1.12 kB
.svelte-kit/output/client/_app/immutable/chunks/DVxCFoDh.js                   4.70 kB │ gzip:   2.01 kB
.svelte-kit/output/client/_app/immutable/chunks/BYunw83y.js                   4.77 kB │ gzip:   1.53 kB
.svelte-kit/output/client/_app/immutable/chunks/CHM0blh-.js                   4.80 kB │ gzip:   0.83 kB
.svelte-kit/output/client/_app/immutable/chunks/DjAJT7YJ.js                   5.05 kB │ gzip:   2.01 kB
.svelte-kit/output/client/_app/immutable/chunks/Dx-B1_4e.js                   5.14 kB │ gzip:   1.39 kB
.svelte-kit/output/client/_app/immutable/chunks/CenWIFCC.js                   5.27 kB │ gzip:   1.34 kB
.svelte-kit/output/client/_app/immutable/chunks/BVQ-GDCI.js                   5.33 kB │ gzip:   1.38 kB
.svelte-kit/output/client/_app/immutable/chunks/VOosw3JB.js                   5.34 kB │ gzip:   1.55 kB
.svelte-kit/output/client/_app/immutable/chunks/CEL-wOlO.js                   5.37 kB │ gzip:   2.23 kB
.svelte-kit/output/client/_app/immutable/chunks/BGJmEYvX.js                   5.38 kB │ gzip:   1.21 kB
.svelte-kit/output/client/_app/immutable/chunks/Bmn6On1c.js                   5.38 kB │ gzip:   1.15 kB
.svelte-kit/output/client/_app/immutable/chunks/DMzUqQB5.js                   5.46 kB │ gzip:   1.38 kB
.svelte-kit/output/client/_app/immutable/chunks/CAXnQYrJ.js                   5.50 kB │ gzip:   1.91 kB
.svelte-kit/output/client/_app/immutable/chunks/DkFqJrB1.js                   5.53 kB │ gzip:   1.92 kB
.svelte-kit/output/client/_app/immutable/chunks/CaGTHgeg.js                   5.62 kB │ gzip:   1.36 kB
.svelte-kit/output/client/_app/immutable/entry/app.mp7kZpeV.js                5.69 kB │ gzip:   2.26 kB
.svelte-kit/output/client/_app/immutable/chunks/BZvkOJ9d.js                   5.78 kB │ gzip:   1.92 kB
.svelte-kit/output/client/_app/immutable/chunks/_H4v1dQx.js                   5.90 kB │ gzip:   1.68 kB
.svelte-kit/output/client/_app/immutable/chunks/CEu0bR-o.js                   5.90 kB │ gzip:   1.52 kB
.svelte-kit/output/client/_app/immutable/chunks/BqTXFGrv.js                   5.92 kB │ gzip:   2.08 kB
.svelte-kit/output/client/_app/immutable/chunks/BQ8w6xss.js                   5.93 kB │ gzip:   1.89 kB
.svelte-kit/output/client/_app/immutable/chunks/COkxafJQ.js                   5.96 kB │ gzip:   1.73 kB
.svelte-kit/output/client/_app/immutable/chunks/D17OF-Vu.js                   6.09 kB │ gzip:   2.34 kB
.svelte-kit/output/client/_app/immutable/chunks/bN70gL4F.js                   6.26 kB │ gzip:   1.60 kB
.svelte-kit/output/client/_app/immutable/chunks/CafNBF8u.js                   6.29 kB │ gzip:   1.71 kB
.svelte-kit/output/client/_app/immutable/chunks/DkwncUOv.js                   6.33 kB │ gzip:   1.73 kB
.svelte-kit/output/client/_app/immutable/chunks/Dd19v3D-.js                   6.33 kB │ gzip:   1.39 kB
.svelte-kit/output/client/_app/immutable/chunks/DLr69PJf.js                   6.36 kB │ gzip:   2.99 kB
.svelte-kit/output/client/_app/immutable/chunks/BRHolxvo.js                   6.36 kB │ gzip:   1.81 kB
.svelte-kit/output/client/_app/immutable/chunks/P80f7IUj.js                   6.41 kB │ gzip:   1.42 kB
.svelte-kit/output/client/_app/immutable/chunks/CXtECtnM.js                   6.42 kB │ gzip:   1.91 kB
.svelte-kit/output/client/_app/immutable/chunks/vGWfd6FD.js                   6.43 kB │ gzip:   1.28 kB
.svelte-kit/output/client/_app/immutable/chunks/L9t79GZl.js                   6.48 kB │ gzip:   1.73 kB
.svelte-kit/output/client/_app/immutable/chunks/Dspwwk_N.js                   6.54 kB │ gzip:   1.78 kB
.svelte-kit/output/client/_app/immutable/chunks/C7zT0LnQ.js                   6.55 kB │ gzip:   1.42 kB
.svelte-kit/output/client/_app/immutable/chunks/BERRCDM3.js                   6.59 kB │ gzip:   1.62 kB
.svelte-kit/output/client/_app/immutable/chunks/CkByrt1z.js                   6.76 kB │ gzip:   1.49 kB
.svelte-kit/output/client/_app/immutable/chunks/DXbdFlpD.js                   6.85 kB │ gzip:   1.80 kB
.svelte-kit/output/client/_app/immutable/chunks/BM1_JUlF.js                   6.91 kB │ gzip:   1.98 kB
.svelte-kit/output/client/_app/immutable/chunks/sDksUvMU.js                   6.92 kB │ gzip:   1.61 kB
.svelte-kit/output/client/_app/immutable/chunks/CTRr51gU.js                   6.97 kB │ gzip:   1.89 kB
.svelte-kit/output/client/_app/immutable/chunks/C98Dy4si.js                   7.17 kB │ gzip:   2.05 kB
.svelte-kit/output/client/_app/immutable/chunks/D3lLCCz7.js                   7.26 kB │ gzip:   2.19 kB
.svelte-kit/output/client/_app/immutable/chunks/IeuSbFQv.js                   7.47 kB │ gzip:   2.58 kB
.svelte-kit/output/client/_app/immutable/chunks/CF10PKvl.js                   7.81 kB │ gzip:   1.91 kB
.svelte-kit/output/client/_app/immutable/chunks/4A_iFExJ.js                   7.87 kB │ gzip:   2.55 kB
.svelte-kit/output/client/_app/immutable/chunks/D4h5O-jR.js                   7.88 kB │ gzip:   1.91 kB
.svelte-kit/output/client/_app/immutable/chunks/CDVJQ6XC.js                   7.99 kB │ gzip:   1.42 kB
.svelte-kit/output/client/_app/immutable/chunks/CmIQRyeF.js                   8.25 kB │ gzip:   1.80 kB
.svelte-kit/output/client/_app/immutable/chunks/DHCkPAjA.js                   8.39 kB │ gzip:   1.67 kB
.svelte-kit/output/client/_app/immutable/chunks/DqQDbK_p.js                   8.46 kB │ gzip:   1.68 kB
.svelte-kit/output/client/_app/immutable/chunks/ChMvpjG-.js                   8.51 kB │ gzip:   3.00 kB
.svelte-kit/output/client/_app/immutable/chunks/BUw7H-hv.js                   8.78 kB │ gzip:   1.96 kB
.svelte-kit/output/client/_app/immutable/chunks/BdnUsdx6.js                   8.79 kB │ gzip:   2.13 kB
.svelte-kit/output/client/_app/immutable/chunks/Cn-bp-IR.js                   8.79 kB │ gzip:   1.97 kB
.svelte-kit/output/client/_app/immutable/nodes/0.BbpamUYO.js                  8.82 kB │ gzip:   3.14 kB
.svelte-kit/output/client/_app/immutable/chunks/CckKNcSY.js                   8.85 kB │ gzip:   1.18 kB
.svelte-kit/output/client/_app/immutable/chunks/CHLpvVh8.js                   8.96 kB │ gzip:   1.77 kB
.svelte-kit/output/client/_app/immutable/chunks/C4gqWexZ.js                   9.02 kB │ gzip:   2.36 kB
.svelte-kit/output/client/_app/immutable/chunks/CG8Ifv2g.js                   9.06 kB │ gzip:   3.81 kB
.svelte-kit/output/client/_app/immutable/chunks/C3mMm8J8.js                   9.10 kB │ gzip:   2.10 kB
.svelte-kit/output/client/_app/immutable/chunks/BthQWCQV.js                   9.12 kB │ gzip:   1.97 kB
.svelte-kit/output/client/_app/immutable/chunks/Cj5Yp3dK.js                   9.29 kB │ gzip:   2.49 kB
.svelte-kit/output/client/_app/immutable/chunks/3e1v2bzS.js                   9.30 kB │ gzip:   1.98 kB
.svelte-kit/output/client/_app/immutable/chunks/DqwNpetd.js                   9.43 kB │ gzip:   2.10 kB
.svelte-kit/output/client/_app/immutable/chunks/C5BYcBs_.js                   9.67 kB │ gzip:   3.05 kB
.svelte-kit/output/client/_app/immutable/chunks/Br6cN0cg.js                   9.68 kB │ gzip:   1.85 kB
.svelte-kit/output/client/_app/immutable/chunks/D1j8_8rp.js                   9.86 kB │ gzip:   3.37 kB
.svelte-kit/output/client/_app/immutable/chunks/B7mTdjB0.js                   9.94 kB │ gzip:   2.27 kB
.svelte-kit/output/client/_app/immutable/chunks/BWvSN4gD.js                  10.05 kB │ gzip:   1.93 kB
.svelte-kit/output/client/_app/immutable/chunks/BpPKjHjY.js                  10.10 kB │ gzip:   4.35 kB
.svelte-kit/output/client/_app/immutable/chunks/COsSHYnT.js                  10.23 kB │ gzip:   2.20 kB
.svelte-kit/output/client/_app/immutable/chunks/u5AG7uiY.js                  10.37 kB │ gzip:   1.38 kB
.svelte-kit/output/client/_app/immutable/chunks/k_qm7-4y.js                  10.37 kB │ gzip:   1.44 kB
.svelte-kit/output/client/_app/immutable/chunks/BeH2EWoN.js                  10.41 kB │ gzip:   2.13 kB
.svelte-kit/output/client/_app/immutable/chunks/BtqSS_iP.js                  10.47 kB │ gzip:   2.25 kB
.svelte-kit/output/client/_app/immutable/chunks/DXvB9xmW.js                  10.47 kB │ gzip:   2.94 kB
.svelte-kit/output/client/_app/immutable/chunks/Buea-lGh.js                  10.51 kB │ gzip:   2.27 kB
.svelte-kit/output/client/_app/immutable/chunks/mKbC49Gk.js                  10.71 kB │ gzip:   2.57 kB
.svelte-kit/output/client/_app/immutable/chunks/Ci3HlJdq.js                  10.94 kB │ gzip:   2.10 kB
.svelte-kit/output/client/_app/immutable/chunks/DAi9KRSo.js                  11.18 kB │ gzip:   2.51 kB
.svelte-kit/output/client/_app/immutable/chunks/CbFg5uaA.js                  11.36 kB │ gzip:   3.83 kB
.svelte-kit/output/client/_app/immutable/chunks/BETggiCN.js                  11.39 kB │ gzip:   2.51 kB
.svelte-kit/output/client/_app/immutable/chunks/DHJKELXO.js                  11.41 kB │ gzip:   2.55 kB
.svelte-kit/output/client/_app/immutable/chunks/BMWR74SV.js                  11.44 kB │ gzip:   2.11 kB
.svelte-kit/output/client/_app/immutable/chunks/DUszq2jm.js                  11.50 kB │ gzip:   2.58 kB
.svelte-kit/output/client/_app/immutable/chunks/DyxjwDmM.js                  11.95 kB │ gzip:   5.05 kB
.svelte-kit/output/client/_app/immutable/chunks/MzD3tlZU.js                  12.01 kB │ gzip:   2.19 kB
.svelte-kit/output/client/_app/immutable/chunks/D5-asLiD.js                  12.05 kB │ gzip:   1.64 kB
.svelte-kit/output/client/_app/immutable/chunks/m17aaUwq.js                  12.13 kB │ gzip:   2.36 kB
.svelte-kit/output/client/_app/immutable/chunks/Pmp26Uib.js                  12.46 kB │ gzip:   3.72 kB
.svelte-kit/output/client/_app/immutable/chunks/DU1UobuO.js                  12.69 kB │ gzip:   1.97 kB
.svelte-kit/output/client/_app/immutable/chunks/BkioyH1T.js                  12.89 kB │ gzip:   3.22 kB
.svelte-kit/output/client/_app/immutable/chunks/BvzEVeQv.js                  13.04 kB │ gzip:   1.74 kB
.svelte-kit/output/client/_app/immutable/chunks/BcVCzyr7.js                  13.21 kB │ gzip:   2.74 kB
.svelte-kit/output/client/_app/immutable/chunks/CVO1_9PV.js                  13.62 kB │ gzip:   3.04 kB
.svelte-kit/output/client/_app/immutable/chunks/D-2ljcwZ.js                  13.66 kB │ gzip:   2.28 kB
.svelte-kit/output/client/_app/immutable/chunks/Bkuqu6BP.js                  13.68 kB │ gzip:   3.06 kB
.svelte-kit/output/client/_app/immutable/chunks/D0r3Knsf.js                  13.76 kB │ gzip:   3.06 kB
.svelte-kit/output/client/_app/immutable/chunks/BLmx8bSh.js                  13.82 kB │ gzip:   2.57 kB
.svelte-kit/output/client/_app/immutable/chunks/C-HG3fhB.js                  13.96 kB │ gzip:   3.18 kB
.svelte-kit/output/client/_app/immutable/chunks/CbfX1IO0.js                  14.04 kB │ gzip:   2.87 kB
.svelte-kit/output/client/_app/immutable/chunks/D7oLnXFd.js                  14.16 kB │ gzip:   3.04 kB
.svelte-kit/output/client/_app/immutable/chunks/D53aC0YG.js                  14.28 kB │ gzip:   2.46 kB
.svelte-kit/output/client/_app/immutable/chunks/BfjtVDDH.js                  14.28 kB │ gzip:   3.02 kB
.svelte-kit/output/client/_app/immutable/chunks/DH5Ifo-i.js                  14.43 kB │ gzip:   3.13 kB
.svelte-kit/output/client/_app/immutable/chunks/Cuk6v7N8.js                  14.44 kB │ gzip:   3.13 kB
.svelte-kit/output/client/_app/immutable/chunks/E3gJ1_iC.js                  14.60 kB │ gzip:   3.09 kB
.svelte-kit/output/client/_app/immutable/chunks/DdkO51Og.js                  14.78 kB │ gzip:   3.27 kB
.svelte-kit/output/client/_app/immutable/chunks/B1yitclQ.js                  15.07 kB │ gzip:   2.72 kB
.svelte-kit/output/client/_app/immutable/chunks/DZf3V79B.js                  15.17 kB │ gzip:   3.92 kB
.svelte-kit/output/client/_app/immutable/chunks/CoDkCxhg.js                  15.21 kB │ gzip:   2.66 kB
.svelte-kit/output/client/_app/immutable/chunks/CwoSXNpI.js                  15.51 kB │ gzip:   2.48 kB
.svelte-kit/output/client/_app/immutable/chunks/CnsnAmq5.js                  15.53 kB │ gzip:   3.16 kB
.svelte-kit/output/client/_app/immutable/chunks/BdImnpbu.js                  15.85 kB │ gzip:   5.91 kB
.svelte-kit/output/client/_app/immutable/chunks/rGO070M0.js                  16.07 kB │ gzip:   3.11 kB
.svelte-kit/output/client/_app/immutable/chunks/D7o27uSR.js                  16.09 kB │ gzip:   3.06 kB
.svelte-kit/output/client/_app/immutable/chunks/D82EKSYY.js                  16.20 kB │ gzip:   2.06 kB
.svelte-kit/output/client/_app/immutable/chunks/BfJx3WfE.js                  16.26 kB │ gzip:   2.76 kB
.svelte-kit/output/client/_app/immutable/chunks/BBf5iR-q.js                  16.51 kB │ gzip:   2.94 kB
.svelte-kit/output/client/_app/immutable/chunks/DPOp833l.js                  16.97 kB │ gzip:   3.85 kB
.svelte-kit/output/client/_app/immutable/chunks/DWedfzmr.js                  17.12 kB │ gzip:   2.93 kB
.svelte-kit/output/client/_app/immutable/chunks/CfQXZHmo.js                  17.13 kB │ gzip:   2.93 kB
.svelte-kit/output/client/_app/immutable/chunks/CkXjmgJE.js                  17.13 kB │ gzip:   2.95 kB
.svelte-kit/output/client/_app/immutable/chunks/IF9eRakj.js                  17.51 kB │ gzip:   3.07 kB
.svelte-kit/output/client/_app/immutable/chunks/C9oPPf7i.js                  17.97 kB │ gzip:   2.51 kB
.svelte-kit/output/client/_app/immutable/chunks/mjskCLCv.js                  18.06 kB │ gzip:   3.14 kB
.svelte-kit/output/client/_app/immutable/chunks/DgsIRcX7.js                  18.21 kB │ gzip:   3.12 kB
.svelte-kit/output/client/_app/immutable/chunks/D5KoaKCx.js                  18.62 kB │ gzip:   3.11 kB
.svelte-kit/output/client/_app/immutable/chunks/BfHTSMKl.js                  18.63 kB │ gzip:   3.11 kB
.svelte-kit/output/client/_app/immutable/chunks/CyktbL80.js                  18.63 kB │ gzip:   3.14 kB
.svelte-kit/output/client/_app/immutable/chunks/B0m2ddpp.js                  18.63 kB │ gzip:   3.11 kB
.svelte-kit/output/client/_app/immutable/chunks/Csfq5Kiy.js                  18.64 kB │ gzip:   3.13 kB
.svelte-kit/output/client/_app/immutable/chunks/C5YyOfLZ.js                  18.99 kB │ gzip:   3.75 kB
.svelte-kit/output/client/_app/immutable/chunks/gcz8RCvz.js                  19.18 kB │ gzip:   3.60 kB
.svelte-kit/output/client/_app/immutable/chunks/B5deFWb1.js                  19.52 kB │ gzip:   6.61 kB
.svelte-kit/output/client/_app/immutable/chunks/YqXBG_HV.js                  20.04 kB │ gzip:   2.93 kB
.svelte-kit/output/client/_app/immutable/chunks/BR5kRUq4.js                  20.04 kB │ gzip:   2.92 kB
.svelte-kit/output/client/_app/immutable/chunks/DYE7WIF3.js                  20.08 kB │ gzip:   3.94 kB
.svelte-kit/output/client/_app/immutable/chunks/32ctXXKs.js                  20.09 kB │ gzip:   3.94 kB
.svelte-kit/output/client/_app/immutable/chunks/Dpen1YoG.js                  20.15 kB │ gzip:   4.07 kB
.svelte-kit/output/client/_app/immutable/chunks/BA47KaF1.js                  20.15 kB │ gzip:   3.93 kB
.svelte-kit/output/client/_app/immutable/chunks/CJc9bBzg.js                  20.37 kB │ gzip:   6.73 kB
.svelte-kit/output/client/_app/immutable/chunks/Cz2AlsmD.js                  20.41 kB │ gzip:   5.22 kB
.svelte-kit/output/client/_app/immutable/chunks/Bw305WKR.js                  20.77 kB │ gzip:   3.83 kB
.svelte-kit/output/client/_app/immutable/chunks/DfrNm_e6.js                  20.86 kB │ gzip:   3.63 kB
.svelte-kit/output/client/_app/immutable/chunks/BzJJZx-M.js                  21.07 kB │ gzip:   4.00 kB
.svelte-kit/output/client/_app/immutable/chunks/BXkSAIEj.js                  21.08 kB │ gzip:   4.04 kB
.svelte-kit/output/client/_app/immutable/chunks/5i3qLPDT.js                  21.47 kB │ gzip:   2.89 kB
.svelte-kit/output/client/_app/immutable/chunks/qdsjHGoJ.js                  21.74 kB │ gzip:   3.87 kB
.svelte-kit/output/client/_app/immutable/chunks/D4_iv3hh.js                  21.75 kB │ gzip:   3.89 kB
.svelte-kit/output/client/_app/immutable/chunks/DHQR4-dF.js                  21.75 kB │ gzip:   3.89 kB
.svelte-kit/output/client/_app/immutable/chunks/0A2p0G4C.js                  22.39 kB │ gzip:   3.12 kB
.svelte-kit/output/client/_app/immutable/chunks/BH7IYjvW.js                  22.57 kB │ gzip:   4.31 kB
.svelte-kit/output/client/_app/immutable/chunks/Cg-RD9OK.js                  22.58 kB │ gzip:   6.06 kB
.svelte-kit/output/client/_app/immutable/chunks/CFHQjOhq.js                  22.63 kB │ gzip:   4.18 kB
.svelte-kit/output/client/_app/immutable/chunks/CVdnzihN.js                  22.63 kB │ gzip:   4.17 kB
.svelte-kit/output/client/_app/immutable/chunks/CH1njM8p.js                  22.64 kB │ gzip:   4.18 kB
.svelte-kit/output/client/_app/immutable/chunks/hJgmCMqR.js                  22.64 kB │ gzip:   4.18 kB
.svelte-kit/output/client/_app/immutable/chunks/GsRaNv29.js                  22.64 kB │ gzip:   4.18 kB
.svelte-kit/output/client/_app/immutable/chunks/DRw_LuNl.js                  22.64 kB │ gzip:   4.18 kB
.svelte-kit/output/client/_app/immutable/chunks/BLtJtn59.js                  23.41 kB │ gzip:   7.40 kB
.svelte-kit/output/client/_app/immutable/chunks/Bv_4Rxtq.js                  23.67 kB │ gzip:   3.67 kB
.svelte-kit/output/client/_app/immutable/chunks/DxSwrfjg.js                  23.97 kB │ gzip:   7.52 kB
.svelte-kit/output/client/_app/immutable/chunks/BgIZa_E2.js                  23.98 kB │ gzip:   4.17 kB
.svelte-kit/output/client/_app/immutable/chunks/BGHnOYBU.js                  24.02 kB │ gzip:   2.59 kB
.svelte-kit/output/client/_app/immutable/chunks/CZhp0h8q.js                  24.05 kB │ gzip:   5.39 kB
.svelte-kit/output/client/_app/immutable/chunks/CeAyd5Ju.js                  24.26 kB │ gzip:   3.87 kB
.svelte-kit/output/client/_app/immutable/chunks/DxNHbxmM.js                  24.28 kB │ gzip:   4.01 kB
.svelte-kit/output/client/_app/immutable/chunks/C28nlFVT.js                  24.43 kB │ gzip:   2.95 kB
.svelte-kit/output/client/_app/immutable/chunks/CklMAg4u.js                  24.69 kB │ gzip:   3.25 kB
.svelte-kit/output/client/_app/immutable/chunks/BTifaqeh.js                  25.30 kB │ gzip:   4.13 kB
.svelte-kit/output/client/_app/immutable/chunks/C3Wv6jpd.js                  25.30 kB │ gzip:   3.67 kB
.svelte-kit/output/client/_app/immutable/chunks/BN7gUcg9.js                  25.45 kB │ gzip:   3.58 kB
.svelte-kit/output/client/_app/immutable/chunks/eo99z4R2.js                  25.63 kB │ gzip:   3.87 kB
.svelte-kit/output/client/_app/immutable/chunks/CMTm3GFP.js                  25.90 kB │ gzip:   4.26 kB
.svelte-kit/output/client/_app/immutable/chunks/CnnmHF94.js                  26.20 kB │ gzip:   4.85 kB
.svelte-kit/output/client/_app/immutable/chunks/Ddv68eIx.js                  26.72 kB │ gzip:   4.40 kB
.svelte-kit/output/client/_app/immutable/chunks/DsOJ9woJ.js                  26.88 kB │ gzip:   3.79 kB
.svelte-kit/output/client/_app/immutable/chunks/DExk1vrg.js                  27.16 kB │ gzip:  10.45 kB
.svelte-kit/output/client/_app/immutable/chunks/2EtD6e53.js                  27.20 kB │ gzip:   4.20 kB
.svelte-kit/output/client/_app/immutable/chunks/CylS5w8V.js                  27.22 kB │ gzip:   4.26 kB
.svelte-kit/output/client/_app/immutable/chunks/CxbxFI8M.js                  27.41 kB │ gzip:   6.35 kB
.svelte-kit/output/client/_app/immutable/chunks/CfMaDYuo.js                  27.44 kB │ gzip:   3.52 kB
.svelte-kit/output/client/_app/immutable/chunks/C151Ov-r.js                  28.88 kB │ gzip:   3.94 kB
.svelte-kit/output/client/_app/immutable/chunks/C39BiMTA.js                  28.91 kB │ gzip:   5.16 kB
.svelte-kit/output/client/_app/immutable/chunks/fKv21gyL.js                  29.35 kB │ gzip:   4.43 kB
.svelte-kit/output/client/_app/immutable/chunks/mWjccvbQ.js                  29.51 kB │ gzip:   3.66 kB
.svelte-kit/output/client/_app/immutable/chunks/Co6uUVPk.js                  29.57 kB │ gzip:   5.93 kB
.svelte-kit/output/client/_app/immutable/chunks/Dntbqd40.js                  30.96 kB │ gzip:   4.27 kB
.svelte-kit/output/client/_app/immutable/chunks/BEDo0Tqx.js                  31.07 kB │ gzip:   7.99 kB
.svelte-kit/output/client/_app/immutable/chunks/CS3Unz2-.js                  33.49 kB │ gzip:   5.50 kB
.svelte-kit/output/client/_app/immutable/chunks/DVMEJ2y_.js                  33.79 kB │ gzip:   5.52 kB
.svelte-kit/output/client/_app/immutable/chunks/CquLrc37.js                  33.86 kB │ gzip:   8.34 kB
.svelte-kit/output/client/_app/immutable/chunks/BrSpG68u.js                  34.02 kB │ gzip:  12.95 kB
.svelte-kit/output/client/_app/immutable/chunks/CzTSHFRz.js                  35.16 kB │ gzip:   5.91 kB
.svelte-kit/output/client/_app/immutable/chunks/fbvUeNLU.js                  35.35 kB │ gzip:   4.40 kB
.svelte-kit/output/client/_app/immutable/chunks/DnULxvSX.js                  35.42 kB │ gzip:   5.78 kB
.svelte-kit/output/client/_app/immutable/chunks/hegEt444.js                  35.67 kB │ gzip:   6.24 kB
.svelte-kit/output/client/_app/immutable/chunks/CuPHTKiy.js                  37.47 kB │ gzip:   4.40 kB
.svelte-kit/output/client/_app/immutable/chunks/Cl8IGKIC.js                  39.08 kB │ gzip:  10.83 kB
.svelte-kit/output/client/_app/immutable/chunks/D_Q5rh1f.js                  40.72 kB │ gzip:   8.21 kB
.svelte-kit/output/client/_app/immutable/chunks/Yzrsuije.js                  41.48 kB │ gzip:   6.09 kB
.svelte-kit/output/client/_app/immutable/chunks/Df6bDoY_.js                  41.49 kB │ gzip:   6.44 kB
.svelte-kit/output/client/_app/immutable/chunks/DR4elm4u.js                  43.10 kB │ gzip:   4.63 kB
.svelte-kit/output/client/_app/immutable/chunks/85-TOEBH.js                  43.80 kB │ gzip:   8.47 kB
.svelte-kit/output/client/_app/immutable/chunks/5-zPJDR5.js                  45.72 kB │ gzip:   5.55 kB
.svelte-kit/output/client/_app/immutable/chunks/CxLEBnE3.js                  46.81 kB │ gzip:   5.18 kB
.svelte-kit/output/client/_app/immutable/chunks/D8_7TLub.js                  46.99 kB │ gzip:   6.77 kB
.svelte-kit/output/client/_app/immutable/chunks/D87Tk5Gz.js                  47.26 kB │ gzip:   8.00 kB
.svelte-kit/output/client/_app/immutable/chunks/C9dUb6Cb.js                  47.26 kB │ gzip:   8.00 kB
.svelte-kit/output/client/_app/immutable/chunks/DFWUc33u.js                  47.26 kB │ gzip:   8.02 kB
.svelte-kit/output/client/_app/immutable/chunks/DQyhUUbL.js                  47.26 kB │ gzip:   8.01 kB
.svelte-kit/output/client/_app/immutable/chunks/bCR0ucgS.js                  48.08 kB │ gzip:   6.03 kB
.svelte-kit/output/client/_app/immutable/chunks/DPfMkruS.js                  49.02 kB │ gzip:  11.85 kB
.svelte-kit/output/client/_app/immutable/chunks/DGztddWO.js                  49.93 kB │ gzip:   9.46 kB
.svelte-kit/output/client/_app/immutable/chunks/BgDCqdQA.js                  53.75 kB │ gzip:   8.42 kB
.svelte-kit/output/client/_app/immutable/chunks/C8M2exoo.js                  53.75 kB │ gzip:   8.42 kB
.svelte-kit/output/client/_app/immutable/chunks/BhOHFoWU.js                  55.89 kB │ gzip:   4.76 kB
.svelte-kit/output/client/_app/immutable/chunks/DM8c43g1.js                  56.99 kB │ gzip:  12.36 kB
.svelte-kit/output/client/_app/immutable/chunks/CnnebwVN.js                  57.23 kB │ gzip:  11.68 kB
.svelte-kit/output/client/_app/immutable/chunks/BFfxhgS-.js                  58.69 kB │ gzip:   8.15 kB
.svelte-kit/output/client/_app/immutable/chunks/Cvjx9yec.js                  59.34 kB │ gzip:   5.64 kB
.svelte-kit/output/client/_app/immutable/chunks/C0hk2d4L.js                  62.45 kB │ gzip:   5.02 kB
.svelte-kit/output/client/_app/immutable/chunks/rZm6bMo-.js                  69.80 kB │ gzip:   9.27 kB
.svelte-kit/output/client/_app/immutable/chunks/B6aJPvgy.js                  69.95 kB │ gzip:   9.13 kB
.svelte-kit/output/client/_app/immutable/chunks/BIGW1oBm.js                  72.11 kB │ gzip:  10.51 kB
.svelte-kit/output/client/_app/immutable/chunks/COSFr-5U.js                  72.62 kB │ gzip:   6.70 kB
.svelte-kit/output/client/_app/immutable/chunks/CDx5xZoG.js                  74.65 kB │ gzip:  10.74 kB
.svelte-kit/output/client/_app/immutable/chunks/BfQbQz2e.js                  80.17 kB │ gzip:  26.16 kB
.svelte-kit/output/client/_app/immutable/chunks/D82vCrfD.js                  86.69 kB │ gzip:  14.73 kB
.svelte-kit/output/client/_app/immutable/chunks/BxgE0vQu.js                  88.97 kB │ gzip:  11.27 kB
.svelte-kit/output/client/_app/immutable/chunks/COcwbKMJ.js                  89.69 kB │ gzip:  10.69 kB
.svelte-kit/output/client/_app/immutable/chunks/BqYA7rlc.js                  92.39 kB │ gzip:  15.02 kB
.svelte-kit/output/client/_app/immutable/chunks/B1dDrJ26.js                  97.63 kB │ gzip:  14.70 kB
.svelte-kit/output/client/_app/immutable/chunks/brMvHLvt.js                 104.91 kB │ gzip:  28.16 kB
.svelte-kit/output/client/_app/immutable/chunks/DXmwc3jG.js                 105.41 kB │ gzip:  23.33 kB
.svelte-kit/output/client/_app/immutable/chunks/DID_Ax9Y.js                 111.00 kB │ gzip:  28.48 kB
.svelte-kit/output/client/_app/immutable/chunks/Ve4PFQV2.js                 131.53 kB │ gzip:   9.34 kB
.svelte-kit/output/client/_app/immutable/chunks/Cmh6b_Ma.js                 136.11 kB │ gzip:  23.35 kB
.svelte-kit/output/client/_app/immutable/chunks/CLxacb5B.js                 171.97 kB │ gzip:  30.62 kB
.svelte-kit/output/client/_app/immutable/chunks/wDzz0qaB.js                 174.83 kB │ gzip:  16.51 kB
.svelte-kit/output/client/_app/immutable/chunks/COt5Ahok.js                 175.54 kB │ gzip:  16.51 kB
.svelte-kit/output/client/_app/immutable/chunks/g9-lgVsj.js                 177.79 kB │ gzip:  16.61 kB
.svelte-kit/output/client/_app/immutable/chunks/BPQ3VLAy.js                 181.08 kB │ gzip:  16.04 kB
.svelte-kit/output/client/_app/immutable/chunks/JSbxStMO.js                 183.72 kB │ gzip:  16.57 kB
.svelte-kit/output/client/_app/immutable/chunks/CW8IKDeL.js                 190.01 kB │ gzip:  17.95 kB
.svelte-kit/output/client/_app/immutable/chunks/lXgVvXCa.js                 262.39 kB │ gzip:  77.14 kB
.svelte-kit/output/client/_app/immutable/nodes/6.0aOVMa6o.js                493.33 kB │ gzip: 144.11 kB
.svelte-kit/output/client/_app/immutable/chunks/CG6Dc4jp.js                 622.34 kB │ gzip: 230.29 kB
.svelte-kit/output/client/_app/immutable/chunks/DsqENSWP.js                 626.04 kB │ gzip:  44.79 kB
.svelte-kit/output/client/_app/immutable/chunks/C9XAeP06.js                 779.85 kB │ gzip: 196.03 kB
[vite-plugin-static-copy] Copied 34 items.
✓ built in 6.83s
.svelte-kit/output/server/.vite/manifest.json                                                            10.21 kB
.svelte-kit/output/server/_app/immutable/assets/notfound.BavoOROh.css                                     0.09 kB
.svelte-kit/output/server/_app/immutable/assets/redirect.D7HBKYyO.css                                     0.09 kB
.svelte-kit/output/server/_app/immutable/assets/_page.Cf3t6hpR.css                                        0.55 kB
.svelte-kit/output/server/_app/immutable/assets/_page.Bt_GxZLh.css                                        0.70 kB
.svelte-kit/output/server/_app/immutable/assets/blogContainer.CRF0IAHj.css                                3.08 kB
.svelte-kit/output/server/_app/immutable/assets/_layout.BHq_XhhN.css                                      3.11 kB
.svelte-kit/output/server/_app/immutable/assets/_page.C5BbyQJ_.css                                        3.54 kB
.svelte-kit/output/server/entries/pages/_error.svelte.js                                                  0.15 kB
.svelte-kit/output/server/entries/pages/post/006-sveltekit-api-endpoints/_page.svelte.js                  0.21 kB
.svelte-kit/output/server/entries/pages/post/001-csharp-extension-methods/_page.svelte.js                 0.21 kB
.svelte-kit/output/server/entries/pages/post/002-multiple-teams-instances/_page.svelte.js                 0.23 kB
.svelte-kit/output/server/entries/pages/post/005-chat-application/_page.svelte.js                         0.23 kB
.svelte-kit/output/server/entries/pages/post/003-azure-functions-getting-started/_page.svelte.js          0.23 kB
.svelte-kit/output/server/env.js                                                                          0.23 kB
.svelte-kit/output/server/entries/pages/post/004-azure-functions-triggers-and-bindings/_page.svelte.js    0.24 kB
.svelte-kit/output/server/chunks/shared-server.js                                                         0.28 kB
.svelte-kit/output/server/entries/pages/blog/_slug_/_page.server.ts.js                                    0.30 kB
.svelte-kit/output/server/entries/pages/404/_page.svelte.js                                               0.38 kB
.svelte-kit/output/server/internal.js                                                                     0.41 kB
.svelte-kit/output/server/chunks/state.svelte.js                                                          0.44 kB
.svelte-kit/output/server/entries/pages/_layout.server.ts.js                                              0.44 kB
.svelte-kit/output/server/chunks/client.js                                                                0.44 kB
.svelte-kit/output/server/chunks/utils3.js                                                                0.58 kB
.svelte-kit/output/server/chunks/server.js                                                                0.62 kB
.svelte-kit/output/server/chunks/stores.js                                                                0.69 kB
.svelte-kit/output/server/chunks/text.js                                                                  0.86 kB
.svelte-kit/output/server/chunks/redirect.js                                                              0.94 kB
.svelte-kit/output/server/chunks/notfound.js                                                              0.94 kB
.svelte-kit/output/server/chunks/utils2.js                                                                1.09 kB
.svelte-kit/output/server/entries/hooks.server.js                                                         1.31 kB
.svelte-kit/output/server/chunks/index2.js                                                                1.41 kB
.svelte-kit/output/server/entries/pages/about/_page.svelte.js                                             1.68 kB
.svelte-kit/output/server/entries/pages/blog/_page.svelte.js                                              1.75 kB
.svelte-kit/output/server/entries/pages/_page.svelte.js                                                   1.83 kB
.svelte-kit/output/server/entries/endpoints/rss.xml/_server.ts.js                                         2.66 kB
.svelte-kit/output/server/chunks/blogpostController.js                                                    3.39 kB
.svelte-kit/output/server/chunks/internal.js                                                              3.79 kB
.svelte-kit/output/server/chunks/exports.js                                                               5.59 kB
.svelte-kit/output/server/chunks/blogContainer.js                                                         6.29 kB
.svelte-kit/output/server/entries/pages/_layout.svelte.js                                                 9.75 kB
.svelte-kit/output/server/chunks/uneval.js                                                               19.91 kB
.svelte-kit/output/server/chunks/root.js                                                                 29.45 kB
.svelte-kit/output/server/remote-entry.js                                                                36.79 kB
.svelte-kit/output/server/chunks/utils.js                                                                59.71 kB
.svelte-kit/output/server/entries/pages/blog/_slug_/_page.svelte.js                                     107.43 kB
.svelte-kit/output/server/chunks/index.js                                                               107.87 kB
.svelte-kit/output/server/index.js                                                                      135.06 kB
✓ built in 14.28s

Run npm run preview to preview your production build locally.

> Using @sveltejs/adapter-node
